........................................................................ [  3%]
........................................................................ [  7%]
........................................................................ [ 11%]
........................................................................ [ 15%]
........................................................................ [ 19%]
........................................................................ [ 23%]
........................................................................ [ 26%]
........................................................................ [ 30%]
........................................................................ [ 34%]
........................................................................ [ 38%]
........................................................................ [ 42%]
........................................................................ [ 46%]
........................................................................ [ 50%]
........................................................................ [ 53%]
........................................................................ [ 57%]
........................................................................ [ 61%]
........................................................................ [ 65%]
........................................................................ [ 69%]
........................................................................ [ 73%]
........................................................................ [ 76%]
........................................................................ [ 80%]
........................................................................ [ 84%]
........................................................................ [ 88%]
........................................................................ [ 92%]
........................................................................ [ 96%]
........................................................................ [100%]
=============================== tests coverage ================================
_______________ coverage: platform win32, python 3.13.9-final-0 _______________

Coverage JSON written to file evidence/stages/10/repository_coverage.json
Required test coverage of 90.0% reached. Total coverage: 91.55%
1872 passed in 5152.78s (1:25:52)
