git : warning: in the working copy of 'evidence/tickets/OPT-010/final_acceptance_r2/03.log', CRLF will be replaced by
LF the next time Git touches it
At line:35 char:108
+ ... TAGE_EVIDENCE_WHITESPACE_FIX' 'git diff --check' { git diff --check }
+                                                        ~~~~~~~~~~~~~~~~
    + CategoryInfo          : NotSpecified: (warning: in the... Git touches it:String) [], RemoteException
    + FullyQualifiedErrorId : NativeCommandError

warning: in the working copy of 'evidence/tickets/OPT-010/final_acceptance_r2/04.log', CRLF will be replaced by LF the
next time Git touches it
warning: in the working copy of 'evidence/tickets/OPT-010/final_acceptance_r2/05.log', CRLF will be replaced by LF the
next time Git touches it
warning: in the working copy of 'evidence/tickets/OPT-010/final_acceptance_r2/06.log', CRLF will be replaced by LF the
next time Git touches it
warning: in the working copy of 'evidence/tickets/OPT-010/final_acceptance_r2/07_module_equivalent.log', CRLF will be
replaced by LF the next time Git touches it
warning: in the working copy of 'evidence/tickets/OPT-010/final_acceptance_r2/08_module_equivalent.log', CRLF will be
replaced by LF the next time Git touches it
warning: in the working copy of 'evidence/tickets/OPT-010/final_acceptance_r2/09_module_equivalent.log', CRLF will be
replaced by LF the next time Git touches it
warning: in the working copy of 'evidence/tickets/OPT-010/final_acceptance_r2/10_module_equivalent.log', CRLF will be
replaced by LF the next time Git touches it
warning: in the working copy of 'evidence/tickets/OPT-010/final_acceptance_r2/11.log', CRLF will be replaced by LF the
next time Git touches it
warning: in the working copy of 'evidence/tickets/OPT-010/final_acceptance_r2_records.jsonl', CRLF will be replaced by
LF the next time Git touches it
